                        ohlc_seed_reason = "HIST_FETCH_FAILED"
            if str(ohlc_seed_reason or "").upper() == "HIST_FETCH_FAILED":
                missing_inputs = ["HIST_FETCH_FAILED"]
                    "warmup_reason": "HIST_FETCH_FAILED" if str(ohlc_seed_reason or "").upper() == "HIST_FETCH_FAILED" else None,
                degraded_reason=("HIST_FETCH_FAILED" if str(ohlc_seed_reason or "").upper() == "HIST_FETCH_FAILED" else None),
FAILED tests/behavior/dashboard/test_dashboard_cross_matrix.py::test_dashboard_cross_matrix[blocked_like]
FAILED tests/behavior/dashboard/test_dashboard_cross_matrix.py::test_dashboard_cross_matrix[shadow_only]
FAILED tests/behavior/dashboard/test_dashboard_truth_grid.py::test_dashboard_truth_grid[display_only]
FAILED tests/behavior/dashboard/test_dashboard_truth_grid.py::test_dashboard_truth_grid[fallback_exec]
FAILED tests/behavior/dashboard/test_dashboard_truth_grid.py::test_dashboard_truth_grid[missing_exec]
FAILED tests/behavior/dashboard/test_dashboard_truth_grid.py::test_dashboard_truth_grid[synthetic_offhours]
FAILED tests/strategies/test_regime_specific_paths.py::test_same_input_differs_by_regime[strategies.nifty_intraday-100.45-100.0-bullish]
FAILED tests/strategies/test_regime_specific_paths.py::test_breakout_generation_suppressed_in_range_regime
FAILED tests/test_candidate_classifier.py::test_blocked_candidate_goes_to_suppressed_and_keeps_blockers
FAILED tests/test_candidate_outcome_report_writer.py::test_cli_writes_reports_offline
FAILED tests/test_candidate_pool.py::test_candidate_pool_exposes_filtered_candidate_groups
FAILED tests/test_candidate_pool.py::test_lifecycle_snapshot_blocks_fallback_from_execution_safe
FAILED tests/test_engine_phase2_adapter.py::test_run_engine_phase2_enters_top_ranked_candidate
FAILED tests/test_engine_phase2_adapter.py::test_run_engine_phase2_selected_payload_has_symbol_and_score
FAILED tests/test_engine_phase2_adapter.py::test_run_engine_phase2_clears_stale_active_trade
FAILED tests/test_engine_phase2_adapter.py::test_run_engine_phase2_respects_queue_only_cap_even_with_enter_score
FAILED tests/test_entry_semantics.py::test_build_entry_state_uses_mid_when_display_only_bid_ask_are_available
FAILED tests/test_feed_freshness_units.py::test_feed_freshness_normalizes_ms_epochs
FAILED tests/test_feed_health_epoch_missing.py::test_feed_health_epoch_missing
FAILED tests/test_feed_health_epoch_missing.py::test_feed_health_idle_state_when_no_ticks_in_sim
FAILED tests/test_freshness_sla_stale_token_ratio.py::test_freshness_sla_does_not_fail_on_small_fraction_stale_tokens
FAILED tests/test_market_data_index_quote_cache.py::test_resolve_index_quote_depth_present_prefers_live_tick_source_detail
FAILED tests/test_market_data_index_quote_cache.py::test_fetch_live_market_data_prefers_tick_backed_index_ltp_source
FAILED tests/test_market_data_index_quote_cache.py::test_fetch_live_market_data_marks_depth_only_quote_source_degraded
FAILED tests/test_market_data_index_quote_cache.py::test_compute_tick_feature_summary_marks_warming_up_without_enough_real_samples
FAILED tests/test_market_data_index_quote_cache.py::test_compute_tick_feature_summary_builds_real_features_from_tick_buffer
FAILED tests/test_market_data_index_quote_cache.py::test_fetch_live_market_data_uses_tick_buffer_features_and_marks_ready
FAILED tests/test_market_data_warm_seed.py::test_startup_seed_uses_long_lookback_window_when_short_windows_empty
FAILED tests/test_market_data_warm_seed.py::test_fetch_live_market_data_indicator_compute_error_does_not_fake_rsi_ema
FAILED tests/test_movement_contract.py::test_validated_candidate_with_hard_blocker_is_not_executable_eligible
FAILED tests/test_option_premium_units.py::test_quick_synth_uses_premium_units
FAILED tests/test_option_tradability_precondition.py::test_resolved_contract_and_fresh_option_tick_reaches_gating
FAILED tests/test_orchestrator_soft_reject_seed.py::test_soft_reject_does_not_seed_rank_score
FAILED tests/test_orchestrator_synthetic_filter.py::test_soft_reject_created_for_no_candidates_survived_in_sim
FAILED tests/test_orchestrator_synthetic_filter.py::test_soft_reject_with_hard_reason_stays_advisory_only
FAILED tests/test_permission_promotion.py::test_strong_queue_only_candidate_with_execution_entry_gets_promoted
FAILED tests/test_phase2_live_fallback_disabled.py::test_live_synthetic_or_fallback_candidate_cannot_enter_even_with_high_score
FAILED tests/test_profile_score_delta_evidence.py::test_profile_delta_preserves_safety_status_for_suppressed_candidate
FAILED tests/test_review_queue_live_entry.py::test_apply_candidate_scoring_sets_review_queue_fallback_identity_before_scoring
FAILED tests/test_review_queue_live_entry.py::test_queue_only_permission_preserves_queue_only_final_action
FAILED tests/test_review_queue_live_entry.py::test_advisory_only_permission_stays_advisory_only_for_low_confidence
FAILED tests/test_review_queue_live_entry.py::test_execute_permission_stays_execute_when_aligned_and_high_confidence
FAILED tests/test_review_queue_live_entry.py::test_execute_permission_soft_conf_reject_records_downgrade_provenance
FAILED tests/test_soft_reject_ranking_integration.py::test_soft_reject_enters_rank_pool_when_non_critical
FAILED tests/test_soft_reject_ranking_integration.py::test_missing_reason_falls_back_to_unknown_reject
FAILED tests/test_trade_builder.py::test_trade_builder_returns_borderline_candidate_when_no_signal
FAILED tests/test_trade_builder.py::test_candidate_decision_payload_preserves_nested_provenance
FAILED tests/test_trade_builder.py::test_candidate_decision_payload_enriches_flat_native_setup_quality_detail
FAILED tests/test_trade_builder_blocked_candidates.py::test_blocked_candidate_records_top_option_reject_reason
FAILED tests/test_trade_builder_policy_flags.py::test_trade_intent_flags_paper_planning_allows_stale
FAILED tests/test_trade_builder_soften_paths.py::test_option_tradability_live_stale_soften_allows_high_oi_when_volume_missing
FAILED tests/test_trade_permission.py::test_permission_payload_strong_signal_reaches_execute_confidence
FAILED tests/test_trade_permission.py::test_permission_payload_mid_confidence_is_queue_only_when_above_advisory_below_execution
