FAILED tests/behavior/candidates/test_candidate_pool_no_room_for_error_matrix.py::test_candidate_pool_empty_or_malformed_input_fails_closed[malformed_input]
FAILED tests/behavior/candidates/test_candidate_pool_no_room_for_error_matrix.py::test_candidate_pool_detects_duplicate_trade_ids_and_penalizes_quality
FAILED tests/behavior/execution/test_execution_guard_no_room_for_error.py::test_execution_guard_fails_closed_on_no_room_for_error_inputs[crossed_book-snapshot1-crossed_book]
FAILED tests/behavior/execution/test_execution_guard_no_room_for_error.py::test_execution_guard_fails_closed_on_no_room_for_error_inputs[subscription_failed-snapshot2-fallback_quote]
FAILED tests/behavior/execution/test_execution_guard_no_room_for_error.py::test_execution_guard_fails_closed_on_no_room_for_error_inputs[synthetic_offhours-snapshot3-fallback_quote]
FAILED tests/behavior/execution/test_execution_guard_no_room_for_error.py::test_execution_guard_fails_closed_on_no_room_for_error_inputs[recovered_fallback-snapshot4-fallback_quote]
FAILED tests/behavior/execution/test_execution_guard_no_room_for_error.py::test_execution_guard_fails_closed_on_no_room_for_error_inputs[missing_option_token-snapshot5-missing_option_token]
FAILED tests/behavior/execution/test_execution_guard_no_room_for_error.py::test_execution_guard_fails_closed_on_no_room_for_error_inputs[negative_depth_age-snapshot6-negative_depth_age]
FAILED tests/regression/test_execution_guard_truth_no_regression.py::test_execution_guard_regression_future_quote_timestamp_stays_blocked
FAILED tests/test_candidate_outcome_report_writer.py::test_cli_writes_reports_offline
FAILED tests/test_depth_subscription_tokens.py::test_prune_stale_option_subscription_tokens_preserves_symbol_floor
FAILED tests/test_depth_subscription_tokens.py::test_maybe_refresh_stale_option_subscription_universe_applies_delta
FAILED tests/test_depth_subscription_tokens.py::test_build_depth_subscription_tokens_passes_symbol_minimums_into_prune
FAILED tests/test_depth_subscription_tokens.py::test_maybe_refresh_stale_option_subscription_universe_triggers_freshness_refresh
FAILED tests/test_depth_subscription_tokens.py::test_maybe_refresh_stale_option_subscription_universe_refreshes_only_stale_symbol_family
FAILED tests/test_entry_semantics.py::test_build_entry_state_uses_mid_when_display_only_bid_ask_are_available
FAILED tests/test_execution_guard.py::test_execution_guard_future_timestamp_blocks_fail_closed
FAILED tests/test_execution_guard.py::test_execution_guard_fallback_quote_is_not_executable
FAILED tests/test_execution_guard.py::test_execution_guard_missing_depth_blocks_when_required
FAILED tests/test_execution_guard.py::test_execution_guard_stale_depth_blocks
FAILED tests/test_execution_guard.py::test_execution_guard_blocks_instrument_token_mismatch
FAILED tests/test_execution_guard.py::test_router_never_calls_fill_simulator_when_guard_blocks
FAILED tests/test_feed_freshness_units.py::test_feed_freshness_normalizes_ms_epochs
FAILED tests/test_feed_health_epoch_missing.py::test_feed_health_epoch_missing
FAILED tests/test_feed_health_epoch_missing.py::test_feed_health_idle_state_when_no_ticks_in_sim
FAILED tests/test_freshness_sla_stale_token_ratio.py::test_freshness_sla_does_not_fail_on_small_fraction_stale_tokens
FAILED tests/test_market_data_index_quote_cache.py::test_resolve_index_quote_depth_present_prefers_live_tick_source_detail
FAILED tests/test_market_data_index_quote_cache.py::test_fetch_live_market_data_prefers_tick_backed_index_ltp_source
FAILED tests/test_market_data_index_quote_cache.py::test_fetch_live_market_data_marks_depth_only_quote_source_degraded
FAILED tests/test_market_data_index_quote_cache.py::test_compute_tick_feature_summary_marks_warming_up_without_enough_real_samples
FAILED tests/test_market_data_index_quote_cache.py::test_compute_tick_feature_summary_builds_real_features_from_tick_buffer
FAILED tests/test_market_data_index_quote_cache.py::test_fetch_live_market_data_uses_tick_buffer_features_and_marks_ready
FAILED tests/test_market_data_warm_seed.py::test_startup_seed_uses_long_lookback_window_when_short_windows_empty
FAILED tests/test_option_premium_units.py::test_quick_synth_uses_premium_units
FAILED tests/test_option_tradability_precondition.py::test_resolved_contract_and_fresh_option_tick_reaches_gating
FAILED tests/test_orchestrator_soft_reject_seed.py::test_soft_reject_does_not_seed_rank_score
FAILED tests/test_orchestrator_synthetic_filter.py::test_soft_reject_created_for_no_candidates_survived_in_sim
FAILED tests/test_orchestrator_synthetic_filter.py::test_soft_reject_with_hard_reason_stays_advisory_only
FAILED tests/test_permission_promotion.py::test_strong_queue_only_candidate_with_execution_entry_gets_promoted
FAILED tests/test_review_queue_live_entry.py::test_apply_candidate_scoring_sets_review_queue_fallback_identity_before_scoring
FAILED tests/test_soft_reject_ranking_integration.py::test_soft_reject_enters_rank_pool_when_non_critical
FAILED tests/test_soft_reject_ranking_integration.py::test_missing_reason_falls_back_to_unknown_reject
FAILED tests/test_trade_builder.py::test_trade_builder_returns_borderline_candidate_when_no_signal
FAILED tests/test_trade_builder.py::test_candidate_decision_payload_preserves_nested_provenance
FAILED tests/test_trade_builder.py::test_candidate_decision_payload_enriches_flat_native_setup_quality_detail
FAILED tests/test_trade_builder_blocked_candidates.py::test_blocked_candidate_records_top_option_reject_reason
FAILED tests/test_trade_builder_policy_flags.py::test_trade_intent_flags_paper_planning_allows_stale
FAILED tests/test_trade_builder_soft_vetoes.py::test_build_sets_concrete_reject_reason_when_no_trade_and_no_fallback
FAILED tests/test_trade_builder_soft_vetoes.py::test_weak_family_can_lose_small_slot
FAILED tests/test_trade_builder_soft_vetoes.py::test_breakout_family_blocked_in_sideways_regime
FAILED tests/test_trade_builder_soft_vetoes.py::test_exceptional_family_can_override_regime_gate_when_configured
FAILED tests/test_trade_builder_soft_vetoes.py::test_paper_missing_quote_depth_is_rejected_by_option_tradability_precondition
FAILED tests/test_trade_builder_soft_vetoes.py::test_trade_builder_candidate_fails_final_confidence_gate_after_soft_veto
FAILED tests/test_trade_builder_soft_vetoes.py::test_trade_builder_candidate_fails_raw_confidence_gate_early
FAILED tests/test_trade_builder_soft_vetoes.py::test_micro_overlay_does_not_overpromote_weak_model
FAILED tests/test_trade_builder_soften_paths.py::test_option_tradability_live_stale_soften_allows_high_oi_when_volume_missing
